Testing creation of Pastor...
[SUCCESS] Created User ID: 22, Member ID: 16
User Roles: pastor
[PASS] Role 'pastor' assigned correctly.
[PASS] Member linked to User correctly.
---------------------------------------------------
Testing creation of Department Leader...
[SUCCESS] Created User ID: 23, Member ID: 17
User Roles: department_leader
[PASS] Role 'department_leader' assigned correctly.
[PASS] Member linked to User correctly.
---------------------------------------------------
Testing creation of Regular Member...
[SUCCESS] Created User ID: 24, Member ID: 18
User Roles: member
[PASS] Role 'member' assigned correctly.
[PASS] Member linked to User correctly.
---------------------------------------------------
